#
# There is insufficient memory for the Java Runtime Environment to continue.
# Native memory allocation (malloc) failed to allocate 1048576 bytes. Error detail: AllocateHeap
# Possible reasons:
#   The system is out of physical RAM or swap space
#   This process is running with CompressedOops enabled, and the Java Heap may be blocking the growth of the native heap
# Possible solutions:
#   Reduce memory load on the system
#   Increase physical memory or swap space
#   Check if swap backing store is full
#   Decrease Java heap size (-Xmx/-Xms)
#   Decrease number of Java threads
#   Decrease Java thread stack sizes (-Xss)
#   Set larger code cache with -XX:ReservedCodeCacheSize=
#   JVM is running with Unscaled Compressed Oops mode in which the Java heap is
#     placed in the first 4GB address space. The Java Heap base address is the
#     maximum limit for the native heap growth. Please use -XX:HeapBaseMinAddress
#     to set the Java Heap base and to place the Java Heap above 4GB virtual address.
# This output file may be truncated or incomplete.
#
#  Out of Memory Error (allocation.cpp:44), pid=21700, tid=28048
#
# JRE version:  (21.0.8+9) (build )
# Java VM: OpenJDK 64-Bit Server VM (21.0.8+9-LTS, mixed mode, tiered, compressed oops, compressed class ptrs, parallel gc, windows-amd64)
# No core dump will be written. Minidumps are not enabled by default on client versions of Windows
#

---------------  S U M M A R Y ------------

Command Line: --add-modules=ALL-SYSTEM --add-opens=java.base/java.util=ALL-UNNAMED --add-opens=java.base/java.lang=ALL-UNNAMED --add-opens=java.base/sun.nio.fs=ALL-UNNAMED -Declipse.application=org.eclipse.jdt.ls.core.id1 -Dosgi.bundles.defaultStartLevel=4 -Declipse.product=org.eclipse.jdt.ls.core.product -Djava.import.generatesMetadataFilesAtProjectRoot=false -DDetectVMInstallationsJob.disabled=true -Dfile.encoding=utf8 -XX:+UseParallelGC -XX:GCTimeRatio=4 -XX:AdaptiveSizePolicyWeight=90 -Dsun.zip.disableMemoryMapping=true -Xmx2G -Xms100m -Xlog:disable -javaagent:c:\Users\RAIN\.vscode\extensions\redhat.java-1.45.0-win32-x64\lombok\lombok-1.18.39-4050.jar -XX:+HeapDumpOnOutOfMemoryError -XX:HeapDumpPath=c:\Users\RAIN\AppData\Roaming\Code\User\workspaceStorage\818226033d4d5d6c5af548316174fb88\redhat.java -Daether.dependencyCollector.impl=bf c:\Users\RAIN\.vscode\extensions\redhat.java-1.45.0-win32-x64\server\plugins\org.eclipse.equinox.launcher_1.7.0.v20250519-0528.jar -configuration c:\Users\RAIN\AppData\Roaming\Code\User\globalStorage\redhat.java\1.45.0\config_win -data c:\Users\RAIN\AppData\Roaming\Code\User\workspaceStorage\818226033d4d5d6c5af548316174fb88\redhat.java\jdt_ws --pipe=\\.\pipe\lsp-c6d93dbe0601ddfe2fc6731d4bcd22a1-sock

Host: AMD Ryzen 3 7320U with Radeon Graphics         , 8 cores, 7G,  Windows 11 , 64 bit Build 26100 (10.0.26100.5074)
Time: Tue Sep 30 18:01:32 2025 Malay Peninsula Standard Time elapsed time: 4.171062 seconds (0d 0h 0m 4s)

---------------  T H R E A D  ---------------

Current thread (0x000001420e335650):  JavaThread "Unknown thread" [_thread_in_vm, id=28048, stack(0x0000001fa9d00000,0x0000001fa9e00000) (1024K)]

Stack: [0x0000001fa9d00000,0x0000001fa9e00000]
Native frames: (J=compiled Java code, j=interpreted, Vv=VM code, C=native code)
V  [jvm.dll+0x6d2449]
V  [jvm.dll+0x8ae341]
V  [jvm.dll+0x8b08be]
V  [jvm.dll+0x8b0fa3]
V  [jvm.dll+0x280c96]
V  [jvm.dll+0xc0347]
V  [jvm.dll+0x706372]
V  [jvm.dll+0x7070ac]
V  [jvm.dll+0x6e0f43]
V  [jvm.dll+0x877c7c]
V  [jvm.dll+0x3becec]
V  [jvm.dll+0x8606d8]
V  [jvm.dll+0x4530ee]
V  [jvm.dll+0x454d31]
C  [jli.dll+0x5278]
C  [ucrtbase.dll+0x37b0]
C  [KERNEL32.DLL+0x2e8d7]
C  [ntdll.dll+0x8d9c]


---------------  P R O C E S S  ---------------

Threads class SMR info:
_java_thread_list=0x000001421056fd50, length=1, elements={
0x000001420e335650
}

Java Threads: ( => current thread )
=>0x000001420e335650 JavaThread "Unknown thread"             [_thread_in_vm, id=28048, stack(0x0000001fa9d00000,0x0000001fa9e00000) (1024K)]
Total: 1

Other Threads:
  0x0000014226ebca00 WatcherThread "VM Periodic Task Thread"        [id=16856, stack(0x0000001fa9f00000,0x0000001faa000000) (1024K)]
  0x000001421056bf70 WorkerThread "GC Thread#0"                     [id=28976, stack(0x0000001fa9e00000,0x0000001fa9f00000) (1024K)]
Total: 2

Threads with active compile tasks:
Total: 0

VM state: not at safepoint (normal execution)

VM Mutex/Monitor currently owned by a thread: None

Heap address: 0x0000000080000000, size: 2048 MB, Compressed Oops mode: 32-bit

CDS archive(s) not mapped
Compressed class space mapped at: 0x0000000100000000-0x0000000140000000, reserved size: 1073741824
Narrow klass base: 0x0000000000000000, Narrow klass shift: 3, Narrow klass range: 0x140000000

GC Precious Log:
 CardTable entry size: 512
 CPUs: 8 total, 8 available
 Memory: 7413M
 Large Page Support: Disabled
 NUMA Support: Disabled
 Compressed Oops: Enabled (32-bit)
 Alignments: Space 512K, Generation 512K, Heap 2M
 Heap Min Capacity: 100M
 Heap Initial Capacity: 100M
 Heap Max Capacity: 2G
 Pre-touch: Disabled
 Parallel Workers: 8

Heap:
 PSYoungGen      total 29696K, used 512K [0x00000000d5580000, 0x00000000d7680000, 0x0000000100000000)
  eden space 25600K, 2% used [0x00000000d5580000,0x00000000d5600070,0x00000000d6e80000)
  from space 4096K, 0% used [0x00000000d7280000,0x00000000d7280000,0x00000000d7680000)
  to   space 4096K, 0% used [0x00000000d6e80000,0x00000000d6e80000,0x00000000d7280000)
 ParOldGen       total 68608K, used 0K [0x0000000080000000, 0x0000000084300000, 0x00000000d5580000)
  object space 68608K, 0% used [0x0000000080000000,0x0000000080000000,0x0000000084300000)
 Metaspace       used 1396K, committed 1472K, reserved 1114112K
  class space    used 112K, committed 128K, reserved 1048576K

Card table byte_map: [0x000001420ff00000,0x0000014210310000] _byte_map_base: 0x000001420fb00000

Marking Bits: (ParMarkBitMap*) 0x00007ffa83cea340
 Begin Bits: [0x00000142229e0000, 0x00000142249e0000)
 End Bits:   [0x00000142249e0000, 0x00000142269e0000)

Polling page: 0x000001420e7c0000

Metaspace:

Usage:
  Non-class:      1.25 MB used.
      Class:    112.47 KB used.
       Both:      1.36 MB used.

Virtual space:
  Non-class space:       64.00 MB reserved,       1.31 MB (  2%) committed,  1 nodes.
      Class space:        1.00 GB reserved,     128.00 KB ( <1%) committed,  1 nodes.
             Both:        1.06 GB reserved,       1.44 MB ( <1%) committed. 

Chunk freelists:
   Non-Class:  12.00 MB
       Class:  15.75 MB
        Both:  27.75 MB

MaxMetaspaceSize: unlimited
CompressedClassSpaceSize: 1.00 GB
Initial GC threshold: 21.00 MB
Current GC threshold: 17179869184.00 GB
CDS: off
 - commit_granule_bytes: 65536.
 - commit_granule_words: 8192.
 - virtual_space_node_default_size: 8388608.
 - enlarge_chunks_in_place: 1.
 - use_allocation_guard: 0.


Internal statistics:

num_allocs_failed_limit: 0.
num_arena_births: 2.
num_arena_deaths: 0.
num_vsnodes_births: 2.
num_vsnodes_deaths: 0.
num_space_committed: 23.
num_space_uncommitted: 0.
num_chunks_returned_to_freelist: 0.
num_chunks_taken_from_freelist: 3.
num_chunk_merges: 0.
num_chunk_splits: 2.
num_chunks_enlarged: 0.
num_inconsistent_stats: 0.

CodeHeap 'non-profiled nmethods': size=120000Kb used=0Kb max_used=0Kb free=120000Kb
 bounds [0x000001421b200000, 0x000001421b470000, 0x0000014222730000]
CodeHeap 'profiled nmethods': size=120000Kb used=0Kb max_used=0Kb free=120000Kb
 bounds [0x0000014213730000, 0x00000142139a0000, 0x000001421ac60000]
CodeHeap 'non-nmethods': size=5760Kb used=194Kb max_used=342Kb free=5565Kb
 bounds [0x000001421ac60000, 0x000001421aed0000, 0x000001421b200000]
CodeCache: size=245760Kb, used=194Kb, max_used=342Kb, free=245565Kb
 total_blobs=70, nmethods=0, adapters=48, full_count=0
Compilation: enabled, stopped_count=0, restarted_count=0

Compilation events (0 events):
No events

GC Heap History (0 events):
No events

Dll operation events (2 events):
Event: 0.021 Loaded shared library c:\Users\RAIN\.vscode\extensions\redhat.java-1.45.0-win32-x64\jre\21.0.8-win32-x86_64\bin\java.dll
Event: 3.071 Loaded shared library c:\Users\RAIN\.vscode\extensions\redhat.java-1.45.0-win32-x64\jre\21.0.8-win32-x86_64\bin\zip.dll

Deoptimization events (0 events):
No events

Classes loaded (20 events):
Event: 3.103 Loading class java/util/Iterator
Event: 3.103 Loading class java/util/Iterator done
Event: 3.103 Loading class java/lang/reflect/RecordComponent
Event: 3.103 Loading class java/lang/reflect/RecordComponent done
Event: 3.103 Loading class jdk/internal/vm/vector/VectorSupport
Event: 3.103 Loading class jdk/internal/vm/vector/VectorSupport done
Event: 3.103 Loading class jdk/internal/vm/vector/VectorSupport$VectorPayload
Event: 3.103 Loading class jdk/internal/vm/vector/VectorSupport$VectorPayload done
Event: 3.103 Loading class jdk/internal/vm/vector/VectorSupport$Vector
Event: 3.103 Loading class jdk/internal/vm/vector/VectorSupport$Vector done
Event: 3.103 Loading class jdk/internal/vm/vector/VectorSupport$VectorMask
Event: 3.103 Loading class jdk/internal/vm/vector/VectorSupport$VectorMask done
Event: 3.103 Loading class jdk/internal/vm/vector/VectorSupport$VectorShuffle
Event: 3.103 Loading class jdk/internal/vm/vector/VectorSupport$VectorShuffle done
Event: 3.103 Loading class jdk/internal/vm/FillerObject
Event: 3.103 Loading class jdk/internal/vm/FillerObject done
Event: 3.107 Loading class java/lang/NullPointerException
Event: 3.107 Loading class java/lang/NullPointerException done
Event: 3.107 Loading class java/lang/ArithmeticException
Event: 3.107 Loading class java/lang/ArithmeticException done

Classes unloaded (0 events):
No events

Classes redefined (0 events):
No events

Internal exceptions (0 events):
No events

ZGC Phase Switch (0 events):
No events

VM Operations (0 events):
No events

Memory protections (0 events):
No events

Nmethod flushes (0 events):
No events

Events (1 events):
Event: 3.069 Thread 0x000001420e335650 Thread added: 0x000001420e335650


Dynamic libraries:
0x00007ff6c6ea0000 - 0x00007ff6c6eae000 	c:\Users\RAIN\.vscode\extensions\redhat.java-1.45.0-win32-x64\jre\21.0.8-win32-x86_64\bin\java.exe
0x00007ffb45dc0000 - 0x00007ffb46029000 	C:\WINDOWS\SYSTEM32\ntdll.dll
0x00007ffb44370000 - 0x00007ffb44439000 	C:\WINDOWS\System32\KERNEL32.DLL
0x00007ffb430a0000 - 0x00007ffb43493000 	C:\WINDOWS\System32\KERNELBASE.dll
0x00007ffb40000000 - 0x00007ffb4009e000 	C:\WINDOWS\SYSTEM32\apphelp.dll
0x00007ffb42f50000 - 0x00007ffb4309b000 	C:\WINDOWS\System32\ucrtbase.dll
0x00007ffb1d8e0000 - 0x00007ffb1d8f8000 	c:\Users\RAIN\.vscode\extensions\redhat.java-1.45.0-win32-x64\jre\21.0.8-win32-x86_64\bin\jli.dll
0x00007ffb44f80000 - 0x00007ffb45144000 	C:\WINDOWS\System32\USER32.dll
0x00007ffb43ad0000 - 0x00007ffb43af7000 	C:\WINDOWS\System32\win32u.dll
0x00007ffb44340000 - 0x00007ffb4436b000 	C:\WINDOWS\System32\GDI32.dll
0x00007ffb43830000 - 0x00007ffb4395d000 	C:\WINDOWS\System32\gdi32full.dll
0x00007ffb43560000 - 0x00007ffb43603000 	C:\WINDOWS\System32\msvcp_win.dll
0x00007ffafeda0000 - 0x00007ffafedbe000 	c:\Users\RAIN\.vscode\extensions\redhat.java-1.45.0-win32-x64\jre\21.0.8-win32-x86_64\bin\VCRUNTIME140.dll
0x00007ffb31460000 - 0x00007ffb316f3000 	C:\WINDOWS\WinSxS\amd64_microsoft.windows.common-controls_6595b64144ccf1df_6.0.26100.5074_none_3e0d6f78e32fd63f\COMCTL32.dll
0x00007ffb45310000 - 0x00007ffb453b9000 	C:\WINDOWS\System32\msvcrt.dll
0x00007ffb449a0000 - 0x00007ffb449cf000 	C:\WINDOWS\System32\IMM32.DLL
0x00007ffb39910000 - 0x00007ffb3991c000 	c:\Users\RAIN\.vscode\extensions\redhat.java-1.45.0-win32-x64\jre\21.0.8-win32-x86_64\bin\vcruntime140_1.dll
0x00007ffaf93e0000 - 0x00007ffaf946d000 	c:\Users\RAIN\.vscode\extensions\redhat.java-1.45.0-win32-x64\jre\21.0.8-win32-x86_64\bin\msvcp140.dll
0x00007ffa83030000 - 0x00007ffa83dc7000 	c:\Users\RAIN\.vscode\extensions\redhat.java-1.45.0-win32-x64\jre\21.0.8-win32-x86_64\bin\server\jvm.dll
0x00007ffb45cc0000 - 0x00007ffb45d74000 	C:\WINDOWS\System32\ADVAPI32.dll
0x00007ffb453c0000 - 0x00007ffb45466000 	C:\WINDOWS\System32\sechost.dll
0x00007ffb45b10000 - 0x00007ffb45c28000 	C:\WINDOWS\System32\RPCRT4.dll
0x00007ffb44920000 - 0x00007ffb44994000 	C:\WINDOWS\System32\WS2_32.dll
0x00007ffb42d00000 - 0x00007ffb42d5e000 	C:\WINDOWS\SYSTEM32\POWRPROF.dll
0x00007ffb3d020000 - 0x00007ffb3d02b000 	C:\WINDOWS\SYSTEM32\VERSION.dll
0x00007ffb3cfe0000 - 0x00007ffb3d015000 	C:\WINDOWS\SYSTEM32\WINMM.dll
0x00007ffb42c00000 - 0x00007ffb42c14000 	C:\WINDOWS\SYSTEM32\UMPDC.dll
0x00007ffb41d30000 - 0x00007ffb41d4b000 	C:\WINDOWS\SYSTEM32\kernel.appcore.dll
0x00007ffb28890000 - 0x00007ffb2889a000 	c:\Users\RAIN\.vscode\extensions\redhat.java-1.45.0-win32-x64\jre\21.0.8-win32-x86_64\bin\jimage.dll
0x00007ffb366a0000 - 0x00007ffb368e2000 	C:\WINDOWS\SYSTEM32\DBGHELP.DLL
0x00007ffb44c00000 - 0x00007ffb44f7b000 	C:\WINDOWS\System32\combase.dll
0x00007ffb44a70000 - 0x00007ffb44b47000 	C:\WINDOWS\System32\OLEAUT32.dll
0x00007ffb2ff60000 - 0x00007ffb2ff9d000 	C:\WINDOWS\SYSTEM32\dbgcore.DLL
0x00007ffb43790000 - 0x00007ffb43829000 	C:\WINDOWS\System32\bcryptPrimitives.dll
0x00007ffb1d620000 - 0x00007ffb1d62f000 	c:\Users\RAIN\.vscode\extensions\redhat.java-1.45.0-win32-x64\jre\21.0.8-win32-x86_64\bin\instrument.dll
0x00007ffafb220000 - 0x00007ffafb23f000 	c:\Users\RAIN\.vscode\extensions\redhat.java-1.45.0-win32-x64\jre\21.0.8-win32-x86_64\bin\java.dll
0x00007ffaf9340000 - 0x00007ffaf9358000 	c:\Users\RAIN\.vscode\extensions\redhat.java-1.45.0-win32-x64\jre\21.0.8-win32-x86_64\bin\zip.dll

JVMTI agents:
c:\Users\RAIN\.vscode\extensions\redhat.java-1.45.0-win32-x64\lombok\lombok-1.18.39-4050.jar path:none, loaded, not initialized, instrumentlib options:none

dbghelp: loaded successfully - version: 4.0.5 - missing functions: none
symbol engine: initialized successfully - sym options: 0x614 - pdb path: .;c:\Users\RAIN\.vscode\extensions\redhat.java-1.45.0-win32-x64\jre\21.0.8-win32-x86_64\bin;C:\WINDOWS\SYSTEM32;C:\WINDOWS\WinSxS\amd64_microsoft.windows.common-controls_6595b64144ccf1df_6.0.26100.5074_none_3e0d6f78e32fd63f;c:\Users\RAIN\.vscode\extensions\redhat.java-1.45.0-win32-x64\jre\21.0.8-win32-x86_64\bin\server

VM Arguments:
jvm_args: --add-modules=ALL-SYSTEM --add-opens=java.base/java.util=ALL-UNNAMED --add-opens=java.base/java.lang=ALL-UNNAMED --add-opens=java.base/sun.nio.fs=ALL-UNNAMED -Declipse.application=org.eclipse.jdt.ls.core.id1 -Dosgi.bundles.defaultStartLevel=4 -Declipse.product=org.eclipse.jdt.ls.core.product -Djava.import.generatesMetadataFilesAtProjectRoot=false -DDetectVMInstallationsJob.disabled=true -Dfile.encoding=utf8 -XX:+UseParallelGC -XX:GCTimeRatio=4 -XX:AdaptiveSizePolicyWeight=90 -Dsun.zip.disableMemoryMapping=true -Xmx2G -Xms100m -Xlog:disable -javaagent:c:\Users\RAIN\.vscode\extensions\redhat.java-1.45.0-win32-x64\lombok\lombok-1.18.39-4050.jar -XX:+HeapDumpOnOutOfMemoryError -XX:HeapDumpPath=c:\Users\RAIN\AppData\Roaming\Code\User\workspaceStorage\818226033d4d5d6c5af548316174fb88\redhat.java -Daether.dependencyCollector.impl=bf 
java_command: c:\Users\RAIN\.vscode\extensions\redhat.java-1.45.0-win32-x64\server\plugins\org.eclipse.equinox.launcher_1.7.0.v20250519-0528.jar -configuration c:\Users\RAIN\AppData\Roaming\Code\User\globalStorage\redhat.java\1.45.0\config_win -data c:\Users\RAIN\AppData\Roaming\Code\User\workspaceStorage\818226033d4d5d6c5af548316174fb88\redhat.java\jdt_ws --pipe=\\.\pipe\lsp-c6d93dbe0601ddfe2fc6731d4bcd22a1-sock
java_class_path (initial): c:\Users\RAIN\.vscode\extensions\redhat.java-1.45.0-win32-x64\server\plugins\org.eclipse.equinox.launcher_1.7.0.v20250519-0528.jar
Launcher Type: SUN_STANDARD

[Global flags]
    uintx AdaptiveSizePolicyWeight                 = 90                                        {product} {command line}
     intx CICompilerCount                          = 4                                         {product} {ergonomic}
    uintx GCTimeRatio                              = 4                                         {product} {command line}
     bool HeapDumpOnOutOfMemoryError               = true                                   {manageable} {command line}
    ccstr HeapDumpPath                             = c:\Users\RAIN\AppData\Roaming\Code\User\workspaceStorage\818226033d4d5d6c5af548316174fb88\redhat.java         {manageable} {command line}
   size_t InitialHeapSize                          = 104857600                                 {product} {command line}
   size_t MaxHeapSize                              = 2147483648                                {product} {command line}
   size_t MaxNewSize                               = 715653120                                 {product} {ergonomic}
   size_t MinHeapDeltaBytes                        = 524288                                    {product} {ergonomic}
   size_t MinHeapSize                              = 104857600                                 {product} {command line}
   size_t NewSize                                  = 34603008                                  {product} {ergonomic}
    uintx NonNMethodCodeHeapSize                   = 5839372                                {pd product} {ergonomic}
    uintx NonProfiledCodeHeapSize                  = 122909434                              {pd product} {ergonomic}
   size_t OldSize                                  = 70254592                                  {product} {ergonomic}
    uintx ProfiledCodeHeapSize                     = 122909434                              {pd product} {ergonomic}
    uintx ReservedCodeCacheSize                    = 251658240                              {pd product} {ergonomic}
     bool SegmentedCodeCache                       = true                                      {product} {ergonomic}
   size_t SoftMaxHeapSize                          = 2147483648                             {manageable} {ergonomic}
     bool UseCompressedOops                        = true                           {product lp64_product} {ergonomic}
     bool UseLargePagesIndividualAllocation        = false                                  {pd product} {ergonomic}
     bool UseParallelGC                            = true                                      {product} {command line}

Logging:
Log output configuration:
 #0: stdout all=off uptime,level,tags foldmultilines=false
 #1: stderr all=off uptime,level,tags foldmultilines=false

Environment Variables:
JAVA_HOME=C:\Program Files\Java\jdk-20
PATH=C:\Program Files\Common Files\Oracle\Java\javapath;C:\Program Files (x86)\Common Files\Oracle\Java\java8path;C:\Program Files (x86)\Common Files\Oracle\Java\javapath;C:\WINDOWS\system32;C:\WINDOWS;C:\WINDOWS\System32\Wbem;C:\WINDOWS\System32\WindowsPowerShell\v1.0\;C:\WINDOWS\System32\OpenSSH\;C:\Program Files\Java\jdk-20\bin;C:\Program Files\dotnet\;C:\Program Files\Git\cmd;C:\Program Files\MySQL\MySQL Server 8.0\bin;C:\Program Files\PuTTY\;C:\Program Files\cursor\resources\app\bin;C:\Program Files\MySQL\MySQL Shell 8.0\bin\;C:\Users\RAIN\AppData\Local\Programs\Python\Python312\Scripts\;C:\Users\RAIN\AppData\Local\Programs\Python\Python312\;C:\Users\RAIN\AppData\Local\Programs\Python\Launcher\;C:\Users\RAIN\AppData\Local\Microsoft\WindowsApps;;C:\Users\RAIN\AppData\Local\Programs\Microsoft VS Code\bin;C:\Program Files\JetBrains\PyCharm Community Edition 2023.3.2\bin;
USERNAME=RAIN
OS=Windows_NT
PROCESSOR_IDENTIFIER=AMD64 Family 23 Model 160 Stepping 0, AuthenticAMD
TMP=C:\Users\RAIN\AppData\Local\Temp
TEMP=C:\Users\RAIN\AppData\Local\Temp




Periodic native trim disabled

---------------  S Y S T E M  ---------------

OS:
 Windows 11 , 64 bit Build 26100 (10.0.26100.5074)
OS uptime: 17 days 13:46 hours
Hyper-V role detected

CPU: total 8 (initial active 8) (8 cores per cpu, 2 threads per core) family 23 model 160 stepping 0 microcode 0x8a00006, cx8, cmov, fxsr, ht, mmx, 3dnowpref, sse, sse2, sse3, ssse3, sse4a, sse4.1, sse4.2, popcnt, lzcnt, tsc, tscinvbit, avx, avx2, aes, clmul, bmi1, bmi2, adx, sha, fma, vzeroupper, clflush, clflushopt, hv, rdtscp, rdpid, f16c
Processor Information for the first 8 processors :
  Max Mhz: 2401, Current Mhz: 2401, Mhz Limit: 2401

Memory: 4k page, system-wide physical 7413M (428M free)
TotalPageFile size 29941M (AvailPageFile size 0M)
current process WorkingSet (physical memory assigned to process): 19M, peak: 19M
current process commit charge ("private bytes"): 185M, peak: 191M

vm_info: OpenJDK 64-Bit Server VM (21.0.8+9-LTS) for windows-amd64 JRE (21.0.8+9-LTS), built on 2025-07-15T00:00:00Z by "admin" with MS VC++ 17.7 (VS2022)

END.
